// Jest Snapshot v1, https://goo.gl/fbAQLP

exports[`App Componenet renders the App 1`] = `
<Fragment>
  <h1>
    You can do this.
  </h1>
  <Meme />
</Fragment>
`;
