// Jest Snapshot v1, https://goo.gl/fbAQLP

exports[`TextSelector component renders textselector bits 1`] = `
<input
  name="yup"
  onChange={[MockFunction]}
  type="text"
  value="yup"
/>
`;
